../Core/Src/main.c:159:6:HAL_GPIO_EXTI_Rising_Callback	16	static
../Core/Src/main.c:174:5:main	24	static
../Core/Src/main.c:276:6:SystemClock_Config	88	static
../Core/Src/main.c:320:13:MX_ADC1_Init	24	static
../Core/Src/main.c:383:13:MX_TIM1_Init	120	static
../Core/Src/main.c:456:13:MX_TIM3_Init	120	static
../Core/Src/main.c:534:13:MX_TIM2_Init	64	static
../Core/Src/main.c:585:13:MX_DMA_Init	16	static
../Core/Src/main.c:605:13:MX_GPIO_Init	48	static
../Core/Src/main.c:630:6:HAL_ADC_ConvCpltCallback	16	static
../Core/Src/main.c:652:6:Error_Handler	8	static,ignoring_inline_asm
