../Core/Src/main.c:152:6:HAL_GPIO_EXTI_Rising_Callback	16	static
../Core/Src/main.c:167:5:main	8	static
../Core/Src/main.c:294:6:SystemClock_Config	88	static
../Core/Src/main.c:338:13:MX_ADC1_Init	24	static
../Core/Src/main.c:413:13:MX_TIM1_Init	120	static
../Core/Src/main.c:491:13:MX_TIM2_Init	64	static
../Core/Src/main.c:542:13:MX_DMA_Init	16	static
../Core/Src/main.c:562:13:MX_GPIO_Init	48	static
../Core/Src/main.c:587:6:HAL_ADC_ConvCpltCallback	16	static
../Core/Src/main.c:600:6:Error_Handler	8	static,ignoring_inline_asm
