../Core/Src/main.c:156:6:HAL_GPIO_EXTI_Rising_Callback	16	static
../Core/Src/main.c:171:5:main	16	static
../Core/Src/main.c:332:6:SystemClock_Config	88	static
../Core/Src/main.c:376:13:MX_ADC1_Init	24	static
../Core/Src/main.c:439:13:MX_TIM1_Init	120	static
../Core/Src/main.c:517:13:MX_TIM2_Init	64	static
../Core/Src/main.c:568:13:MX_DMA_Init	16	static
../Core/Src/main.c:588:13:MX_GPIO_Init	48	static
../Core/Src/main.c:613:6:HAL_ADC_ConvCpltCallback	16	static
../Core/Src/main.c:635:6:Error_Handler	8	static,ignoring_inline_asm
